Loading configurations ...
  CONFIG_FILE     = test/fcfc_box_ell.conf
  CATALOG_LABEL   = 'A' , 'B' , 'C' , 'D'
  BOX_SIZE        = 1000 , 1000 , 1000
  DATA_STRUCT     = 0 (k-d tree)
  BINNING_SCHEME  = 1 (s & mu)
  PAIR_COUNT      = AA , AB , AC , BD , BB , CD
  PAIR_COUNT_FILE = <W> test/box.aa
                    <W> test/box.ab
                    <W> test/box.ac
                    <W> test/box.bd
                    <W> test/box.bb
                    <W> test/box.cd
  CF_ESTIMATOR    = AA / @@ - 1
                    (AB - AC - BD + CD) / CD
  CF_OUTPUT_FILE  = test/box.nat
                    test/box.ls
  MULTIPOLE       = 0 , 2 , 4
  MULTIPOLE_FILE  = test/box.ell.nat
                    test/box.ell.ls
  SEP_BIN_MIN     = 0
  SEP_BIN_MAX     = 2
  SEP_BIN_SIZE    = 1 (2 bins)
  MU_BIN_NUM      = 2
  OUTPUT_FORMAT   = 1 (ASCII)
  OVERWRITE       = 2
  OMP_NUM_THREADS = 256
[70C[[32;1mDONE[0m]
Initializing the correlation function calculator ...
  Separation bins initialized successfully
  Memory allocated for pair counts and correlation functions
[70C[[32;1mDONE[0m]
Construct the tree for catalog 'A' ...
  k-d tree (116959 nodes) constructed for the catalog
[70C[[32;1mDONE[0m]
Counting AA pairs ...
  Results written to file: `test/box.aa'
[70C[[32;1mDONE[0m]
Construct the tree for catalog 'B' ...
  k-d tree (116959 nodes) constructed for the catalog
[70C[[32;1mDONE[0m]
Counting AB pairs ...
  Results written to file: `test/box.ab'
[70C[[32;1mDONE[0m]
Construct the tree for catalog 'C' ...
  k-d tree (233919 nodes) constructed for the catalog
[70C[[32;1mDONE[0m]
Counting AC pairs ...
  Results written to file: `test/box.ac'
[70C[[32;1mDONE[0m]
Construct the tree for catalog 'D' ...
  k-d tree (233919 nodes) constructed for the catalog
[70C[[32;1mDONE[0m]
Counting BD pairs ...
  Results written to file: `test/box.bd'
[70C[[32;1mDONE[0m]
Counting BB pairs ...
  Results written to file: `test/box.bb'
[70C[[32;1mDONE[0m]
Counting CD pairs ...
  Results written to file: `test/box.cd'
[70C[[32;1mDONE[0m]
Evaluate correlation function estimators ...
  Results written to file: `test/box.nat'
  Results written to file: `test/box.ls'
[70C[[32;1mDONE[0m]
Compute correlation function multipoles ...
  Results written to file: `test/box.ell.nat'
  Results written to file: `test/box.ell.ls'
[70C[[32;1mDONE[0m]
Loading configurations ...
  CONFIG_FILE     = test/fcfc_box_wp.conf
  CATALOG_LABEL   = 'A' , 'B' , 'C' , 'D'
  BOX_SIZE        = 1000 , 1000 , 1000
  DATA_STRUCT     = 0 (k-d tree)
  BINNING_SCHEME  = 2 (s_perp & pi)
  PAIR_COUNT      = AA , AB , AC , BD , BB , CD
  PAIR_COUNT_FILE = <W> test/box.aa
                    <W> test/box.ab
                    <W> test/box.ac
                    <W> test/box.bd
                    <W> test/box.bb
                    <W> test/box.cd
  CF_ESTIMATOR    = AA / @@ - 1
                    (AB - AC - BD + CD) / CD
  CF_OUTPUT_FILE  = test/box.nat
                    test/box.ls
  PROJECTED_CF    = T
  PROJECTED_FILE  = test/box.wp.nat
                    test/box.wp,ls
  SEP_BIN_MIN     = 0
  SEP_BIN_MAX     = 2
  SEP_BIN_SIZE    = 1 (2 bins)
  PI_BIN_MIN      = 0
  PI_BIN_MAX      = 2
  PI_BIN_SIZE     = 1 (2 bins)
  OUTPUT_FORMAT   = 1 (ASCII)
  OVERWRITE       = 2
  OMP_NUM_THREADS = 256
[70C[[32;1mDONE[0m]
Initializing the correlation function calculator ...
  Separation bins initialized successfully
  Memory allocated for pair counts and correlation functions
[70C[[32;1mDONE[0m]
Construct the tree for catalog 'A' ...
  k-d tree (116959 nodes) constructed for the catalog
[70C[[32;1mDONE[0m]
Counting AA pairs ...
  Results written to file: `test/box.aa'
[70C[[32;1mDONE[0m]
Construct the tree for catalog 'B' ...
  k-d tree (116959 nodes) constructed for the catalog
[70C[[32;1mDONE[0m]
Counting AB pairs ...
  Results written to file: `test/box.ab'
[70C[[32;1mDONE[0m]
Construct the tree for catalog 'C' ...
  k-d tree (233919 nodes) constructed for the catalog
[70C[[32;1mDONE[0m]
Counting AC pairs ...
  Results written to file: `test/box.ac'
[70C[[32;1mDONE[0m]
Construct the tree for catalog 'D' ...
  k-d tree (233919 nodes) constructed for the catalog
[70C[[32;1mDONE[0m]
Counting BD pairs ...
  Results written to file: `test/box.bd'
[70C[[32;1mDONE[0m]
Counting BB pairs ...
  Results written to file: `test/box.bb'
[70C[[32;1mDONE[0m]
Counting CD pairs ...
  Results written to file: `test/box.cd'
[70C[[32;1mDONE[0m]
Evaluate correlation function estimators ...
  Results written to file: `test/box.nat'
  Results written to file: `test/box.ls'
[70C[[32;1mDONE[0m]
Compute projected correlation functions ...
  Results written to file: `test/box.wp.nat'
  Results written to file: `test/box.wp,ls'
[70C[[32;1mDONE[0m]
Loading configurations ...
  CONFIG_FILE     = test/fcfc_box_iso.conf
  CATALOG_LABEL   = 'A' , 'B' , 'C' , 'D'
  BOX_SIZE        = 1000 , 1000 , 1000
  DATA_STRUCT     = 0 (k-d tree)
  BINNING_SCHEME  = 0 (s)
  PAIR_COUNT      = AA , AB , AC , BD , BB , CD
  PAIR_COUNT_FILE = <W> test/box.aa
                    <W> test/box.ab
                    <W> test/box.ac
                    <W> test/box.bd
                    <W> test/box.bb
                    <W> test/box.cd
  CF_ESTIMATOR    = AA / @@ - 1
                    (AB - AC - BD + CD) / CD
  CF_OUTPUT_FILE  = test/box.iso.nat
                    test/box.iso.ls
  SEP_BIN_MIN     = 0
  SEP_BIN_MAX     = 2
  SEP_BIN_SIZE    = 1 (2 bins)
  OUTPUT_FORMAT   = 1 (ASCII)
  OVERWRITE       = 2
  OMP_NUM_THREADS = 256
[70C[[32;1mDONE[0m]
Initializing the correlation function calculator ...
  Separation bins initialized successfully
  Memory allocated for pair counts and correlation functions
[70C[[32;1mDONE[0m]
Construct the tree for catalog 'A' ...
  k-d tree (116959 nodes) constructed for the catalog
[70C[[32;1mDONE[0m]
Counting AA pairs ...
  Results written to file: `test/box.aa'
[70C[[32;1mDONE[0m]
Construct the tree for catalog 'B' ...
  k-d tree (116959 nodes) constructed for the catalog
[70C[[32;1mDONE[0m]
Counting AB pairs ...
  Results written to file: `test/box.ab'
[70C[[32;1mDONE[0m]
Construct the tree for catalog 'C' ...
  k-d tree (233919 nodes) constructed for the catalog
[70C[[32;1mDONE[0m]
Counting AC pairs ...
  Results written to file: `test/box.ac'
[70C[[32;1mDONE[0m]
Construct the tree for catalog 'D' ...
  k-d tree (233919 nodes) constructed for the catalog
[70C[[32;1mDONE[0m]
Counting BD pairs ...
  Results written to file: `test/box.bd'
[70C[[32;1mDONE[0m]
Counting BB pairs ...
  Results written to file: `test/box.bb'
[70C[[32;1mDONE[0m]
Counting CD pairs ...
  Results written to file: `test/box.cd'
[70C[[32;1mDONE[0m]
Evaluate correlation function estimators ...
4
{'cf': {'cf': array([[[18.95727695, 40.82757349],
        [ 8.06542191, 15.86000714]],

       [[ 3.03672644, 42.12724307],
        [ 8.03875268, 15.89928789]]]),
        'mumax': array([[0.5, 1. ],
       [0.5, 1. ]]),
        'mumin': array([[0. , 0.5],
       [0. , 0.5]]),
        'smax': array([[1., 1.],
       [2., 2.]]),
        'smin': array([[0., 0.],
       [1., 1.]])},
 'multipoles': <MemoryView of 'ndarray' at 0x14cb8fa96380>,
 'normalization': [302499450000.0,
                   302500000000.0,
                   605000000000.0,
                   605000000000.0,
                   302499450000.0,
                   1210000000000.0],
 'number': [550000, 550000, 1100000, 1100000],
 'pairs': {'AA': array([[4.17984231e-08, 8.76034651e-08],
       [1.32906027e-07, 2.47180615e-07]]),
           'AB': array([[1.85998017e-06, 8.76033058e-08],
       [1.32905785e-07, 2.47180165e-07]]),
           'AC': array([[2.07603306e-09, 2.13057851e-09],
       [1.49652893e-08, 1.46528926e-08]]),
           'BB': array([[4.17984231e-08, 8.76034651e-08],
       [1.32906027e-07, 2.47180615e-07]]),
           'BD': array([[2.07603306e-09, 2.13057851e-09],
       [1.49652893e-08, 1.46528926e-08]]),
           'CD': array([[9.11181818e-07, 2.02644628e-09],
       [1.46297521e-08, 1.46231405e-08]]),
           'mumax': array([[0.5, 1. ],
       [0.5, 1. ]]),
           'mumin': array([[0. , 0.5],
       [0. , 0.5]]),
           'smax': array([[1., 1.],
       [2., 2.]]),
           'smin': array([[0., 0.],
       [1., 1.]])},
 's': array([0.5, 1.5]),
 'weighted_number': [550000.0, 550000.0, 1100000.0, 1100000.0]}
None
4
{'cf': {'cf': array([[[24.80051005, 24.353297  ],
        [ 7.92567097,  7.05509623]],

       [[ 3.14970962, 24.17714584],
        [ 7.89526819,  7.02678261]]]),
        'pimax': array([[1., 2.],
       [1., 2.]]),
        'pimin': array([[0., 1.],
       [0., 1.]]),
        's_perp_max': array([[1., 1.],
       [2., 2.]]),
        's_perp_min': array([[0., 0.],
       [1., 1.]])},
 'normalization': [302499450000.0,
                   302500000000.0,
                   605000000000.0,
                   605000000000.0,
                   302499450000.0,
                   1210000000000.0],
 'number': [550000, 550000, 1100000, 1100000],
 'pairs': {'AA': array([[1.62109386e-07, 1.59299463e-07],
       [1.68244934e-07, 1.51834987e-07]]),
           'AB': array([[1.98029091e-06, 1.59299174e-07],
       [1.68244628e-07, 1.51834711e-07]]),
           'AC': array([[6.33884298e-09, 6.22975207e-09],
       [1.92099174e-08, 1.86380165e-08]]),
           'BB': array([[1.62109386e-07, 1.59299463e-07],
       [1.68244934e-07, 1.51834987e-07]]),
           'BD': array([[6.33884298e-09, 6.22975207e-09],
       [1.92099174e-08, 1.86380165e-08]]),
           'CD': array([[9.15292562e-07, 6.33553719e-09],
       [1.88280992e-08, 1.90082645e-08]]),
           'pimax': array([[1., 2.],
       [1., 2.]]),
           'pimin': array([[0., 1.],
       [0., 1.]]),
           's_perp_max': array([[1., 1.],
       [2., 2.]]),
           's_perp_min': array([[0., 0.],
       [1., 1.]])},
 'projected': <MemoryView of 'ndarray' at 0x14cb8f5df6c0>,
 's': array([0.5, 1.5]),
 'weighted_number': [550000.0, 550000.0, 1100000.0, 1100000.0]}
None
4
{'cf': {'cf': array([[29.89242522, 11.96271453],
       [ 3.12346988, 11.96813199]]),
        'smax': array([1., 2.]),
        'smin': array([0., 1.])},
 'normalization': [302499450000.0,
                   302500000000.0,
                   605000000000.0,
                   605000000000.0,
                   302499450000.0,
                   1210000000000.0],
 'number': [550000, 550000, 1100000, 1100000],
 'pairs': {'AA': array([1.29401888e-07, 3.80086641e-07]),
           'AB': array([1.94758347e-06, 3.80085950e-07]),
           'AC': array([4.20661157e-09, 2.96181818e-08]),
           'BB': array([1.29401888e-07, 3.80086641e-07]),
           'BD': array([4.20661157e-09, 2.96181818e-08]),
           'CD': array([9.13208264e-07, 2.92528926e-08]),
           'smax': array([1., 2.]),
           'smin': array([0., 1.])},
 's': array([0.5, 1.5]),
 'weighted_number': [550000.0, 550000.0, 1100000.0, 1100000.0]}
None
  Results written to file: `test/box.iso.nat'
  Results written to file: `test/box.iso.ls'
[70C[[32;1mDONE[0m]
